// Jest Snapshot v1, https://goo.gl/fbAQLP

exports[`Toggle Accessibility Tests Should pass accessibility test with default props 1`] = `
.c3 {
  border: 0;
  -webkit-clip: rect(0 0 0 0);
  clip: rect(0 0 0 0);
  -webkit-clippath: inset(50%);
  clippath: inset(50%);
  height: 1px;
  margin: -1px;
  overflow: hidden;
  padding: 0;
  position: absolute;
  white-space: nowrap;
  width: 1px;
}

.c2 {
  background-color: #fff;
  box-shadow: 0 .125em .125em -.125em rgba(51,51,51,0.7);
  position: absolute;
  top: 50%;
  left: 0;
  -webkit-transform: translateY(-50%) translateX(0px - calc(.25em / 2));
  -ms-transform: translateY(-50%) translateX(0px - calc(.25em / 2));
  transform: translateY(-50%) translateX(0px - calc(.25em / 2));
  border-radius: .5em;
  width: calc(1em - (.25em));
  height: calc(1em - (.25em));
  display: -webkit-box;
  display: -webkit-flex;
  display: -ms-flexbox;
  display: flex;
  -webkit-align-items: center;
  -webkit-box-align: center;
  -ms-flex-align: center;
  align-items: center;
  -webkit-box-pack: center;
  -webkit-justify-content: center;
  -ms-flex-pack: center;
  justify-content: center;
  overflow: visible;
  margin-right: 0.5em;
}

.c0 {
  background-color: #666;
  box-shadow: 0 .125em .25em -.125em rgba(51,51,51,0.7) inset;
  -webkit-transition: background-color .2s;
  transition: background-color .2s;
  overflow: hidden;
  position: relative;
  cursor: pointer;
  border-radius: .75em;
  width: 2em;
  height: 1em;
  display: inline-block;
  vertical-align: top;
}

.c0:hover {
  background-color: #4c4c4c;
}

.c0:focus-within .c1 {
  box-shadow: 0 0 5px 0.150rem #64ACC5;
}

<div>
  <label
    class=" c0"
    color="#fff"
  >
    <div
      class=" c1 c2"
      color="#fff"
      globalstyles="
  
"
      style="transform: translateY(-50%) translateX(0px);"
      variant="fill"
    />
    <input
      aria-checked="false"
      aria-label="test"
      class=" c3"
      role="switch"
      type="checkbox"
    />
  </label>
</div>
`;
